// Jest Snapshot v1, https://goo.gl/fbAQLP

exports[`<ContentHelp /> renders 1`] = `
Array [
  <FontAwesomeIcon
    icon={
      Array [
        "far",
        "life-ring",
      ]
    }
  />,
  <p>
    Lorem ipsum dolor sit amet, consectetur adipiscing elit. Donec nec faucibus lacus, ut aliquet est. Sed et elit ex. Vestibulum nisl nisi, aliquam id justo sit amet, varius consequat diam. Vivamus at dui ornare enim ultricies sollicitudin ut non orci. Integer sagittis sapien et nisl maximus varius. In vitae maximus nulla, a tempus eros.
  </p>,
  <p>
    Pellentesque habitant morbi tristique senectus et netus et malesuada fames ac turpis egestas. Phasellus ac magna vehicula enim vestibulum finibus sed ut sem. In hac habitasse platea dictumst.
  </p>,
  <p>
    Donec porttitor nisi vitae quam dapibus, vel posuere purus mollis. Integer ut rhoncus odio.
  </p>,
]
`;
