// Jest Snapshot v1, https://goo.gl/fbAQLP

exports[`<UserRegistration /> renders 1`] = `
<div
  className="container"
>
  <h1
    className="title"
  >
    User Registration
  </h1>
  <div
    className="leftSection"
  >
    <div>
      <div
        className="sc-bdVaJa kWxWaB"
      >
        Full name
      </div>
      <div>
        <input
          className="sc-bwzfXH eIPCFZ"
          onBlur={[Function]}
          onChange={[Function]}
          onFocus={[Function]}
          value=""
        />
        <div
          className="sc-htpNat fikBex"
          style={
            Object {
              "opacity": 0,
            }
          }
        >
          Enter your full name here
        </div>
      </div>
    </div>
    <div>
      <div
        className="sc-bdVaJa kWxWaB"
      >
        E-mail
      </div>
      <div>
        <input
          className="sc-bwzfXH eIPCFZ"
          onBlur={[Function]}
          onChange={[Function]}
          onFocus={[Function]}
          value=""
        />
        <div
          className="sc-htpNat fikBex"
          style={
            Object {
              "opacity": 0,
            }
          }
        >
          Enter your email here
        </div>
      </div>
    </div>
    <div>
      <div
        className="sc-bdVaJa kWxWaB"
      >
        City
      </div>
      <div>
        <input
          className="sc-bwzfXH eIPCFZ"
          onBlur={[Function]}
          onChange={[Function]}
          onFocus={[Function]}
          value=""
        />
        <div
          className="sc-htpNat fikBex"
          style={
            Object {
              "opacity": 0,
            }
          }
        >
          Enter your city here
        </div>
      </div>
    </div>
  </div>
  <div
    className="rightSection"
  >
    <div
      className="row inputSection"
    >
      <div>
        <div
          className="sc-bdVaJa kWxWaB"
        >
          Ride in a group?
        </div>
        <div
          className="sc-gzVnrw hsxAGA"
        >
          <button
            checked={false}
            className="sc-bxivhb gdYtMu"
            disabled={false}
            onClick={[Function]}
          >
            <div
              checked={false}
              className="sc-ifAKCX gVhslb"
            >
              <div
                checked={false}
                className="sc-EHOje eXoKJA"
              />
            </div>
            <div
              className="sc-bZQynM jHMOIg"
            >
              Always
            </div>
          </button>
          <button
            checked={false}
            className="sc-bxivhb gdYtMu"
            disabled={false}
            onClick={[Function]}
          >
            <div
              checked={false}
              className="sc-ifAKCX gVhslb"
            >
              <div
                checked={false}
                className="sc-EHOje eXoKJA"
              />
            </div>
            <div
              className="sc-bZQynM jHMOIg"
            >
              Sometimes
            </div>
          </button>
          <button
            checked={false}
            className="sc-bxivhb gdYtMu"
            disabled={false}
            onClick={[Function]}
          >
            <div
              checked={false}
              className="sc-ifAKCX gVhslb"
            >
              <div
                checked={false}
                className="sc-EHOje eXoKJA"
              />
            </div>
            <div
              className="sc-bZQynM jHMOIg"
            >
              Never
            </div>
          </button>
        </div>
      </div>
    </div>
    <div
      className="row inputSection"
    >
      <div
        style={
          Object {
            "padding": "8px 0",
          }
        }
      >
        <div
          className="sc-bdVaJa kWxWaB"
        >
          Days of the week
        </div>
        <div
          className="sc-iwsKbI iNklh"
        >
          <div
            className="sc-gqjmRU liHAQW"
          >
            <button
              checked={false}
              className="sc-htoDjs clIbxB"
              disabled={false}
              onClick={[Function]}
            />
            <div
              className="sc-gZMcBi yKZqO"
            >
              Mon
            </div>
          </div>
          <div
            className="sc-gqjmRU liHAQW"
          >
            <button
              checked={false}
              className="sc-htoDjs clIbxB"
              disabled={false}
              onClick={[Function]}
            />
            <div
              className="sc-gZMcBi yKZqO"
            >
              Tue
            </div>
          </div>
          <div
            className="sc-gqjmRU liHAQW"
          >
            <button
              checked={false}
              className="sc-htoDjs clIbxB"
              disabled={false}
              onClick={[Function]}
            />
            <div
              className="sc-gZMcBi yKZqO"
            >
              Wed
            </div>
          </div>
          <div
            className="sc-gqjmRU liHAQW"
          >
            <button
              checked={false}
              className="sc-htoDjs clIbxB"
              disabled={false}
              onClick={[Function]}
            />
            <div
              className="sc-gZMcBi yKZqO"
            >
              Thu
            </div>
          </div>
          <div
            className="sc-gqjmRU liHAQW"
          >
            <button
              checked={false}
              className="sc-htoDjs clIbxB"
              disabled={false}
              onClick={[Function]}
            />
            <div
              className="sc-gZMcBi yKZqO"
            >
              Fri
            </div>
          </div>
          <div
            className="sc-gqjmRU liHAQW"
          >
            <button
              checked={false}
              className="sc-htoDjs clIbxB"
              disabled={false}
              onClick={[Function]}
            />
            <div
              className="sc-gZMcBi yKZqO"
            >
              Sat
            </div>
          </div>
          <div
            className="sc-gqjmRU liHAQW"
          >
            <button
              checked={false}
              className="sc-htoDjs clIbxB"
              disabled={false}
              onClick={[Function]}
            />
            <div
              className="sc-gZMcBi yKZqO"
            >
              Sun
            </div>
          </div>
        </div>
      </div>
    </div>
    <div
      className="row buttonsSection"
    >
      <button
        className="button sc-jTzLTM jlDhZY"
        disabled={true}
        onClick={[Function]}
      >
        Cancel
      </button>
      <button
        className="button sc-VigVT jUXDZe"
        disabled={true}
        onClick={[Function]}
      >
        Save
      </button>
    </div>
  </div>
</div>
`;
